  0%|                           | 0/2000 [00:00<?, ?it/s]Traceback (most recent call last):
  File "/home/erdao/Documents/Qwen3-VL/qwen-vl-finetune/qwenvl/train/train_qwen.py", line 206, in <module>
    train(attn_implementation="flash_attention_2")
  File "/home/erdao/Documents/Qwen3-VL/qwen-vl-finetune/qwenvl/train/train_qwen.py", line 195, in train
    trainer.train()
  File "/home/erdao/miniconda3/envs/qwen-train/lib/python3.10/site-packages/transformers/trainer.py", line 2325, in train
    return inner_training_loop(
  File "/home/erdao/miniconda3/envs/qwen-train/lib/python3.10/site-packages/transformers/trainer.py", line 2618, in _inner_training_loop
    batch_samples, num_items_in_batch = self.get_batch_samples(epoch_iterator, num_batches, args.device)
  File "/home/erdao/miniconda3/envs/qwen-train/lib/python3.10/site-packages/transformers/trainer.py", line 5654, in get_batch_samples
    batch_samples.append(next(epoch_iterator))
  File "/home/erdao/miniconda3/envs/qwen-train/lib/python3.10/site-packages/accelerate/data_loader.py", line 566, in __iter__
    current_batch = next(dataloader_iter)
  File "/home/erdao/miniconda3/envs/qwen-train/lib/python3.10/site-packages/torch/utils/data/dataloader.py", line 708, in __next__
    data = self._next_data()
  File "/home/erdao/miniconda3/envs/qwen-train/lib/python3.10/site-packages/torch/utils/data/dataloader.py", line 1480, in _next_data
    return self._process_data(data)
  File "/home/erdao/miniconda3/envs/qwen-train/lib/python3.10/site-packages/torch/utils/data/dataloader.py", line 1505, in _process_data
    data.reraise()
  File "/home/erdao/miniconda3/envs/qwen-train/lib/python3.10/site-packages/torch/_utils.py", line 733, in reraise
    raise exception
ValueError: Caught ValueError in DataLoader worker process 0.
Original Traceback (most recent call last):
  File "/home/erdao/miniconda3/envs/qwen-train/lib/python3.10/site-packages/transformers/image_utils.py", line 480, in load_image
    b64 = base64.decodebytes(image.encode())
  File "/home/erdao/miniconda3/envs/qwen-train/lib/python3.10/base64.py", line 562, in decodebytes
    return binascii.a2b_base64(s)
binascii.Error: Invalid base64-encoded string: number of data characters (65) cannot be 1 more than a multiple of 4

During handling of the above exception, another exception occurred:

Traceback (most recent call last):
  File "/home/erdao/miniconda3/envs/qwen-train/lib/python3.10/site-packages/torch/utils/data/_utils/worker.py", line 349, in _worker_loop
    data = fetcher.fetch(index)  # type: ignore[possibly-undefined]
  File "/home/erdao/miniconda3/envs/qwen-train/lib/python3.10/site-packages/torch/utils/data/_utils/fetch.py", line 52, in fetch
    data = [self.dataset[idx] for idx in possibly_batched_index]
  File "/home/erdao/miniconda3/envs/qwen-train/lib/python3.10/site-packages/torch/utils/data/_utils/fetch.py", line 52, in <listcomp>
    data = [self.dataset[idx] for idx in possibly_batched_index]
  File "/home/erdao/Documents/Qwen3-VL/qwen-vl-finetune/qwenvl/data/data_processor.py", line 388, in __getitem__
    raise e
  File "/home/erdao/Documents/Qwen3-VL/qwen-vl-finetune/qwenvl/data/data_processor.py", line 385, in __getitem__
    sample = self.item_fn(sources)
  File "/home/erdao/Documents/Qwen3-VL/qwen-vl-finetune/qwenvl/data/data_processor.py", line 391, in _get_item
    data_dict = preprocess_qwen_visual(
  File "/home/erdao/Documents/Qwen3-VL/qwen-vl-finetune/qwenvl/data/data_processor.py", line 213, in preprocess_qwen_visual
    full_result = processor.apply_chat_template(
  File "/home/erdao/miniconda3/envs/qwen-train/lib/python3.10/site-packages/transformers/utils/deprecation.py", line 172, in wrapped_func
    return func(*args, **kwargs)
  File "/home/erdao/miniconda3/envs/qwen-train/lib/python3.10/site-packages/transformers/utils/deprecation.py", line 172, in wrapped_func
    return func(*args, **kwargs)
  File "/home/erdao/miniconda3/envs/qwen-train/lib/python3.10/site-packages/transformers/processing_utils.py", line 1705, in apply_chat_template
    out = self(
  File "/home/erdao/miniconda3/envs/qwen-train/lib/python3.10/site-packages/transformers/models/qwen3_vl/processing_qwen3_vl.py", line 163, in __call__
    image_inputs = self.image_processor(images=images, **output_kwargs["images_kwargs"])
  File "/home/erdao/miniconda3/envs/qwen-train/lib/python3.10/site-packages/transformers/image_processing_utils_fast.py", line 732, in __call__
    return self.preprocess(images, *args, **kwargs)
  File "/home/erdao/miniconda3/envs/qwen-train/lib/python3.10/site-packages/transformers/models/qwen2_vl/image_processing_qwen2_vl_fast.py", line 141, in preprocess
    return super().preprocess(images, videos, **kwargs)
  File "/home/erdao/miniconda3/envs/qwen-train/lib/python3.10/site-packages/transformers/image_processing_utils_fast.py", line 757, in preprocess
    return self._preprocess_image_like_inputs(
  File "/home/erdao/miniconda3/envs/qwen-train/lib/python3.10/site-packages/transformers/models/qwen2_vl/image_processing_qwen2_vl_fast.py", line 160, in _preprocess_image_like_inputs
    images = self._prepare_image_like_inputs(
  File "/home/erdao/miniconda3/envs/qwen-train/lib/python3.10/site-packages/transformers/image_processing_utils_fast.py", line 633, in _prepare_image_like_inputs
    images = self._prepare_images_structure(images, expected_ndims=expected_ndims)
  File "/home/erdao/miniconda3/envs/qwen-train/lib/python3.10/site-packages/transformers/image_processing_utils_fast.py", line 564, in _prepare_images_structure
    images = self.fetch_images(images)
  File "/home/erdao/miniconda3/envs/qwen-train/lib/python3.10/site-packages/transformers/image_processing_base.py", line 530, in fetch_images
    return [self.fetch_images(x) for x in image_url_or_urls]
  File "/home/erdao/miniconda3/envs/qwen-train/lib/python3.10/site-packages/transformers/image_processing_base.py", line 530, in <listcomp>
    return [self.fetch_images(x) for x in image_url_or_urls]
  File "/home/erdao/miniconda3/envs/qwen-train/lib/python3.10/site-packages/transformers/image_processing_base.py", line 530, in fetch_images
    return [self.fetch_images(x) for x in image_url_or_urls]
  File "/home/erdao/miniconda3/envs/qwen-train/lib/python3.10/site-packages/transformers/image_processing_base.py", line 530, in <listcomp>
    return [self.fetch_images(x) for x in image_url_or_urls]
  File "/home/erdao/miniconda3/envs/qwen-train/lib/python3.10/site-packages/transformers/image_processing_base.py", line 532, in fetch_images
    return load_image(image_url_or_urls)
  File "/home/erdao/miniconda3/envs/qwen-train/lib/python3.10/site-packages/transformers/image_utils.py", line 483, in load_image
    raise ValueError(
ValueError: Incorrect image source. Must be a valid URL starting with `http://` or `https://`, a valid path to an image file, or a base64 encoded string. Got /home/erdao/Documents/Qwen3-VL/qwen-vl-finetune/demo/images/10150.png. Failed with Invalid base64-encoded string: number of data characters (65) cannot be 1 more than a multiple of 4

[rank0]: Traceback (most recent call last):
[rank0]:   File "/home/erdao/Documents/Qwen3-VL/qwen-vl-finetune/qwenvl/train/train_qwen.py", line 206, in <module>
[rank0]:     train(attn_implementation="flash_attention_2")
[rank0]:   File "/home/erdao/Documents/Qwen3-VL/qwen-vl-finetune/qwenvl/train/train_qwen.py", line 195, in train
[rank0]:     trainer.train()
[rank0]:   File "/home/erdao/miniconda3/envs/qwen-train/lib/python3.10/site-packages/transformers/trainer.py", line 2325, in train
[rank0]:     return inner_training_loop(
[rank0]:   File "/home/erdao/miniconda3/envs/qwen-train/lib/python3.10/site-packages/transformers/trainer.py", line 2618, in _inner_training_loop
[rank0]:     batch_samples, num_items_in_batch = self.get_batch_samples(epoch_iterator, num_batches, args.device)
[rank0]:   File "/home/erdao/miniconda3/envs/qwen-train/lib/python3.10/site-packages/transformers/trainer.py", line 5654, in get_batch_samples
[rank0]:     batch_samples.append(next(epoch_iterator))
[rank0]:   File "/home/erdao/miniconda3/envs/qwen-train/lib/python3.10/site-packages/accelerate/data_loader.py", line 566, in __iter__
[rank0]:     current_batch = next(dataloader_iter)
[rank0]:   File "/home/erdao/miniconda3/envs/qwen-train/lib/python3.10/site-packages/torch/utils/data/dataloader.py", line 708, in __next__
[rank0]:     data = self._next_data()
[rank0]:   File "/home/erdao/miniconda3/envs/qwen-train/lib/python3.10/site-packages/torch/utils/data/dataloader.py", line 1480, in _next_data
[rank0]:     return self._process_data(data)
[rank0]:   File "/home/erdao/miniconda3/envs/qwen-train/lib/python3.10/site-packages/torch/utils/data/dataloader.py", line 1505, in _process_data
[rank0]:     data.reraise()
[rank0]:   File "/home/erdao/miniconda3/envs/qwen-train/lib/python3.10/site-packages/torch/_utils.py", line 733, in reraise
[rank0]:     raise exception
[rank0]: ValueError: Caught ValueError in DataLoader worker process 0.
[rank0]: Original Traceback (most recent call last):
[rank0]:   File "/home/erdao/miniconda3/envs/qwen-train/lib/python3.10/site-packages/transformers/image_utils.py", line 480, in load_image
[rank0]:     b64 = base64.decodebytes(image.encode())
[rank0]:   File "/home/erdao/miniconda3/envs/qwen-train/lib/python3.10/base64.py", line 562, in decodebytes
[rank0]:     return binascii.a2b_base64(s)
[rank0]: binascii.Error: Invalid base64-encoded string: number of data characters (65) cannot be 1 more than a multiple of 4

[rank0]: During handling of the above exception, another exception occurred:

[rank0]: Traceback (most recent call last):
[rank0]:   File "/home/erdao/miniconda3/envs/qwen-train/lib/python3.10/site-packages/torch/utils/data/_utils/worker.py", line 349, in _worker_loop
[rank0]:     data = fetcher.fetch(index)  # type: ignore[possibly-undefined]
[rank0]:   File "/home/erdao/miniconda3/envs/qwen-train/lib/python3.10/site-packages/torch/utils/data/_utils/fetch.py", line 52, in fetch
[rank0]:     data = [self.dataset[idx] for idx in possibly_batched_index]
[rank0]:   File "/home/erdao/miniconda3/envs/qwen-train/lib/python3.10/site-packages/torch/utils/data/_utils/fetch.py", line 52, in <listcomp>
[rank0]:     data = [self.dataset[idx] for idx in possibly_batched_index]
[rank0]:   File "/home/erdao/Documents/Qwen3-VL/qwen-vl-finetune/qwenvl/data/data_processor.py", line 388, in __getitem__
[rank0]:     raise e
[rank0]:   File "/home/erdao/Documents/Qwen3-VL/qwen-vl-finetune/qwenvl/data/data_processor.py", line 385, in __getitem__
[rank0]:     sample = self.item_fn(sources)
[rank0]:   File "/home/erdao/Documents/Qwen3-VL/qwen-vl-finetune/qwenvl/data/data_processor.py", line 391, in _get_item
[rank0]:     data_dict = preprocess_qwen_visual(
[rank0]:   File "/home/erdao/Documents/Qwen3-VL/qwen-vl-finetune/qwenvl/data/data_processor.py", line 213, in preprocess_qwen_visual
[rank0]:     full_result = processor.apply_chat_template(
[rank0]:   File "/home/erdao/miniconda3/envs/qwen-train/lib/python3.10/site-packages/transformers/utils/deprecation.py", line 172, in wrapped_func
[rank0]:     return func(*args, **kwargs)
[rank0]:   File "/home/erdao/miniconda3/envs/qwen-train/lib/python3.10/site-packages/transformers/utils/deprecation.py", line 172, in wrapped_func
[rank0]:     return func(*args, **kwargs)
[rank0]:   File "/home/erdao/miniconda3/envs/qwen-train/lib/python3.10/site-packages/transformers/processing_utils.py", line 1705, in apply_chat_template
[rank0]:     out = self(
[rank0]:   File "/home/erdao/miniconda3/envs/qwen-train/lib/python3.10/site-packages/transformers/models/qwen3_vl/processing_qwen3_vl.py", line 163, in __call__
[rank0]:     image_inputs = self.image_processor(images=images, **output_kwargs["images_kwargs"])
[rank0]:   File "/home/erdao/miniconda3/envs/qwen-train/lib/python3.10/site-packages/transformers/image_processing_utils_fast.py", line 732, in __call__
[rank0]:     return self.preprocess(images, *args, **kwargs)
[rank0]:   File "/home/erdao/miniconda3/envs/qwen-train/lib/python3.10/site-packages/transformers/models/qwen2_vl/image_processing_qwen2_vl_fast.py", line 141, in preprocess
[rank0]:     return super().preprocess(images, videos, **kwargs)
[rank0]:   File "/home/erdao/miniconda3/envs/qwen-train/lib/python3.10/site-packages/transformers/image_processing_utils_fast.py", line 757, in preprocess
[rank0]:     return self._preprocess_image_like_inputs(
[rank0]:   File "/home/erdao/miniconda3/envs/qwen-train/lib/python3.10/site-packages/transformers/models/qwen2_vl/image_processing_qwen2_vl_fast.py", line 160, in _preprocess_image_like_inputs
[rank0]:     images = self._prepare_image_like_inputs(
[rank0]:   File "/home/erdao/miniconda3/envs/qwen-train/lib/python3.10/site-packages/transformers/image_processing_utils_fast.py", line 633, in _prepare_image_like_inputs
[rank0]:     images = self._prepare_images_structure(images, expected_ndims=expected_ndims)
[rank0]:   File "/home/erdao/miniconda3/envs/qwen-train/lib/python3.10/site-packages/transformers/image_processing_utils_fast.py", line 564, in _prepare_images_structure
[rank0]:     images = self.fetch_images(images)
[rank0]:   File "/home/erdao/miniconda3/envs/qwen-train/lib/python3.10/site-packages/transformers/image_processing_base.py", line 530, in fetch_images
[rank0]:     return [self.fetch_images(x) for x in image_url_or_urls]
[rank0]:   File "/home/erdao/miniconda3/envs/qwen-train/lib/python3.10/site-packages/transformers/image_processing_base.py", line 530, in <listcomp>
[rank0]:     return [self.fetch_images(x) for x in image_url_or_urls]
[rank0]:   File "/home/erdao/miniconda3/envs/qwen-train/lib/python3.10/site-packages/transformers/image_processing_base.py", line 530, in fetch_images
[rank0]:     return [self.fetch_images(x) for x in image_url_or_urls]
[rank0]:   File "/home/erdao/miniconda3/envs/qwen-train/lib/python3.10/site-packages/transformers/image_processing_base.py", line 530, in <listcomp>
[rank0]:     return [self.fetch_images(x) for x in image_url_or_urls]
[rank0]:   File "/home/erdao/miniconda3/envs/qwen-train/lib/python3.10/site-packages/transformers/image_processing_base.py", line 532, in fetch_images
[rank0]:     return load_image(image_url_or_urls)
[rank0]:   File "/home/erdao/miniconda3/envs/qwen-train/lib/python3.10/site-packages/transformers/image_utils.py", line 483, in load_image
[rank0]:     raise ValueError(
[rank0]: ValueError: Incorrect image source. Must be a valid URL starting with `http://` or `https://`, a valid path to an image file, or a base64 encoded string. Got /home/erdao/Documents/Qwen3-VL/qwen-vl-finetune/demo/images/10150.png. Failed with Invalid base64-encoded string: number of data characters (65) cannot be 1 more than a multiple of 4
